// Jest Snapshot v1, https://goo.gl/fbAQLP

exports[`List should render list 1`] = `
.c0.c0.c0 {
  position: relative;
  color: #2C232E;
  padding-top: 16px;
  padding-top: 8px;
  padding-bottom: 8px;
}

.c0.c0.c0 a {
  -webkit-text-decoration: none;
  text-decoration: none;
}

.c0.c0.c0 .sc-cxFLnm {
  color: inherit;
}

.c0.c0.c0 .sc-cxFLnm:after,
.c0.c0.c0 .sc-cxFLnm:before {
  background: currentColor;
}

.c0.c0.c0 .sc-cxFLnm:after {
  opacity: 0;
}

.c0.c0.c0 .sc-cxFLnm:before {
  opacity: 0;
}

.c0.c0.c0 .sc-cxFLnm:hover {
  box-shadow: 0 0 32px rgba(44,35,46,0.1);
  color: #2C232E;
}

.c0.c0.c0 .sc-cxFLnm:hover:after {
  width: 4px;
}

.c0.c0.c0 .sc-cxFLnm:hover:before {
  width: 12px;
}

.c0.c0.c0 .sc-cxFLnm.selected {
  color: #2C232E;
}

<body>
  <div>
    <ul
      class="MuiList-root c0 MuiList-padding"
    />
  </div>
</body>
`;

exports[`List should render list item 1`] = `
<body>
  .c0.c0.c0 {
  box-shadow: 0 0 0 transparent;
  -webkit-transition: 150ms cubic-bezier(.62,.28,.23,.99);
  transition: 150ms cubic-bezier(.62,.28,.23,.99);
  padding-top: 12px;
  padding-bottom: 12px;
  padding-left: 24px;
  padding-right: 24px;
}

.c0.c0.c0:hover {
  box-shadow: none !important;
}

.c0.c0.c0:before,
.c0.c0.c0:after {
  content: '';
  position: absolute;
  left: 0;
  top: 0;
  height: 100%;
  width: 0;
  -webkit-transition: width 150ms cubic-bezier(.62,.28,.23,.99);
  transition: width 150ms cubic-bezier(.62,.28,.23,.99);
}

.c0.c0.c0:after {
  width: 0px;
}

.c0.c0.c0:before {
  width: 0px;
}

<div>
    <li
      class="MuiListItem-root c0 MuiListItem-gutters"
    />
  </div>
</body>
`;

exports[`List should render list item icon 1`] = `
<body>
  .c0 {
  color: inherit;
  margin-right: 16px;
}

.c0 > * {
  vertical-align: middle;
}

<div>
    <div
      class="c0"
    >
      <div />
    </div>
  </div>
</body>
`;

exports[`List should render list subheader 1`] = `
<body>
  .c1 {
  text-align: left;
}

.c1.c1.c1 {
  font-weight: 400;
  font-size: 0.75rem;
  color: #6D6D86;
  font-family: Inter;
  font-style: normal;
  white-space: inherit;
  font-weight: bold;
  -webkit-text-decoration: inherit;
  text-decoration: inherit;
  word-wrap: break-word;
}

.c1.c1.c1:hover {
  background: initial;
}

.c1.c1.c1:active {
  background: initial;
}

.c0.c0.c0 {
  text-transform: uppercase;
  padding-top: 8px;
  padding-bottom: 8px;
  padding-left: 24px;
  padding-right: 24px;
}

<div>
    <div
      class="c0"
    >
      <p
        class="MuiTypography-root c1 MuiTypography-body2"
      />
    </div>
  </div>
</body>
`;
