// Jest Snapshot v1, https://goo.gl/fbAQLP

exports[`Modal should render Modal 1`] = `
.c2 {
  position: relative;
  margin-left: 0px;
  max-width: none;
  min-width: none;
  box-sizing: border-box;
  height: auto;
  min-height: auto;
  z-index: initial;
  -webkit-transition: 300ms cubic-bezier(.62,.28,.23,.99);
  transition: 300ms cubic-bezier(.62,.28,.23,.99);
}

.c2 > .{
  box-sizing: border-box;
  margin-top: auto;
  margin-bottom: auto;
  margin-left: inherit;
  margin-right: inherit;
  max-width: auto;
  text-align: inherit;
  height: auto;
  -webkit-transition: 300ms cubic-bezier(.62,.28,.23,.99);
  transition: 300ms cubic-bezier(.62,.28,.23,.99);
  padding-top: 24px;
  padding-bottom: 24px;
  padding-left: 24px;
  padding-right: 24px;
}

.c5.c5.c5 {
  color: #2C232E;
  box-sizing: content-box;
  padding: 13px;
  width: 22px;
  height: 22px;
  -webkit-transition: background-color 300ms cubic-bezier(.62,.28,.23,.99);
  transition: background-color 300ms cubic-bezier(.62,.28,.23,.99);
  background: transparent;
}

.c5.c5.c5:hover,
.c5.c5.c5:focus {
  background-color: #F0F0F0;
}

.c5.c5.c5:active {
  background-color: rgba(44,35,46,0.25);
}

.c4.c4.c4 {
  z-index: 1;
  display: -webkit-box;
  display: -webkit-flex;
  display: -ms-flexbox;
  display: flex;
  -webkit-box-pack: space-around;
  -webkit-justify-content: space-around;
  -ms-flex-pack: space-around;
  justify-content: space-around;
  -webkit-flex-direction: column;
  -ms-flex-direction: column;
  flex-direction: column;
  width: 100%;
  height: 76px;
  background-color: #FFFFFF;
  padding: 0;
}

.c4.c4.c4 > .MuiButtonBase-root {
  width: auto !important;
}

.c4.c4.c4 > button {
  position: absolute;
  width: auto;
  height: auto;
  padding: 0;
  margin: 0 !important;
}

.c4.c4.c4 > button:hover {
  background-color: unset;
}

.c4 .right-header-element {
  position: absolute;
  right: 5%;
}

.c3.c3 {
  height: 100%;
  width: 100%;
  max-width: 100%;
  padding: 0;
  text-align: center;
}

.c3.c3 > div {
  position: relative;
  display: -webkit-box;
  display: -webkit-flex;
  display: -ms-flexbox;
  display: flex;
  -webkit-flex-direction: column;
  -ms-flex-direction: column;
  flex-direction: column;
  padding-top: 0;
  min-height: calc(100% - 24px);
  box-sizing: content-box;
}

.c3 .MuiGrid-container {
  width: 100%;
  margin: 0;
}

.c3 a,
.c3 p,
.c3 h1,
.c3 h2,
.c3 h3,
.c3 h4,
.c3 h5 {
  text-align: center;
}

.c1.c1.c1 {
  background: rgba(240,240,240,0.8);
  inset: 0px;
  pointer-events: initial;
  position: fixed;
  -webkit-transition: opacity 220ms ease 0s;
  transition: opacity 220ms ease 0s;
  padding: 32px;
}

.c0.c0.c0 {
  display: -webkit-box;
  display: -webkit-flex;
  display: -ms-flexbox;
  display: flex;
  padding: 0 !important;
}

.c0.c0.c0:focus {
  outline: none;
}

.c0.c0.c0 .scrollPaper {
  width: 100%;
  box-sizing: border-box;
  position: relative;
}

.c0.c0.c0 .paper {
  position: relative;
  width: 100%;
  max-width: 423px;
  height: calc(100% - 64px);
  right: 32px;
  background: #FFFFFF;
  margin-right: 0;
  margin-left: auto;
  -webkit-align-self: stretch;
  -ms-flex-item-align: stretch;
  align-self: stretch;
  box-shadow: 0px 11px 15px -7px rgba(0,0,0,0.04000000000000001),0px 24px 38px 3px rgba(0,0,0,0.028000000000000004),0px 9px 46px 8px rgba(0,0,0,0.024);
}

.c0.c0.c0 .paper:focus {
  outline: none;
}

.c0.c0.c0 .MuiDialog-paperScrollPaper {
  border-radius: 8px;
}

<body
  style="padding-right: 0px; overflow: hidden;"
>
  <div
    aria-hidden="true"
  />
  <div
    aria-label="popup-dialog"
    class="MuiDialog-root root c0"
    docked="right"
    role="presentation"
    style="position: fixed; z-index: 1300; right: 0px; bottom: 0px; top: 0px; left: 0px;"
  >
    <div
      aria-hidden="true"
      class="MuiBackdrop-root c1"
      style="opacity: 1; webkit-transition: opacity 225ms cubic-bezier(0.4, 0, 0.2, 1) 0ms; transition: opacity 225ms cubic-bezier(0.4, 0, 0.2, 1) 0ms;"
    />
    <div
      data-test="sentinelStart"
      tabindex="0"
    />
    <div
      class="MuiDialog-container MuiDialog-scrollPaper scrollPaper"
      role="none presentation"
      style="webkit-transform: none; transform: none; webkit-transition: -webkit-transform 300ms cubic-bezier(0.0, 0, 0.2, 1) 0ms; transition: transform 300ms cubic-bezier(0.0, 0, 0.2, 1) 0ms;"
      tabindex="-1"
    >
      <div
        class="MuiPaper-root MuiDialog-paper paper MuiDialog-paperScrollPaper paperScrollPaper MuiDialog-paperWidthSm MuiPaper-elevation24 MuiPaper-rounded"
        role="dialog"
      >
        <div
          class="c2 c3"
        >
          <div
            class=""
          >
            <div
              class="c4"
            >
              <button
                aria-label="Close"
                class="MuiButtonBase-root MuiIconButton-root c5"
                tabindex="0"
                type="button"
              >
                <span
                  class="MuiIconButton-label"
                >
                  <svg
                    color="currentColor"
                    fill="none"
                    height="32"
                    stroke-width="1.6"
                    viewBox="0 0 32 32"
                    width="32"
                  >
                    <path
                      d="M2 15.333h28M6.667 10.667L2 15.333 6.667 20"
                      stroke="currentColor"
                      stroke-linecap="round"
                      stroke-linejoin="round"
                      stroke-width="1.6"
                      vector-effect="non-scaling-stroke"
                    />
                  </svg>
                </span>
              </button>
            </div>
          </div>
        </div>
      </div>
    </div>
    <div
      data-test="sentinelEnd"
      tabindex="0"
    />
  </div>
</body>
`;
