// Jest Snapshot v1, https://goo.gl/fbAQLP

exports[`Paper should render paper 1`] = `
<Paper>
  <styled.div />
</Paper>
`;
