// Jest Snapshot v1, https://goo.gl/fbAQLP

exports[`QRCode should render menu 1`] = `
<QRCode
  value="test value"
/>
`;
