// Jest Snapshot v1, https://goo.gl/fbAQLP

exports[`RadioGroup should render radio group 1`] = `<ForwardRef(RadioGroup) />`;
