// Jest Snapshot v1, https://goo.gl/fbAQLP

exports[`Radio should render radio 1`] = `
.c0.c0.c0 {
  color: #BEAAFF;
}

.c0.c0.c0:hover {
  background-color: transparent;
}

.c0.c0.c0:hover:not(.checked) .MuiSvgIcon-root {
  box-shadow: 0 0 0 6px transparent, inset 0 0 0 4px rgba(190,170,255,0.25);
}

.c0.c0.c0 .MuiSvgIcon-root {
  border-radius: 50%;
  -webkit-transition: all 0.4s;
  transition: all 0.4s;
}

<body>
  <div>
    <span
      aria-disabled="false"
      class="MuiButtonBase-root MuiIconButton-root PrivateSwitchBase-root-1 MuiRadio-root MuiRadio-colorSecondary c0 MuiIconButton-colorSecondary"
    >
      <span
        class="MuiIconButton-label"
      >
        <input
          class="PrivateSwitchBase-input-4"
          type="radio"
          value=""
        />
        <div
          class="PrivateRadioButtonIcon-root-5"
        >
          <svg
            aria-hidden="true"
            class="MuiSvgIcon-root"
            focusable="false"
            role="presentation"
            viewBox="0 0 24 24"
          >
            <path
              d="M12 2C6.48 2 2 6.48 2 12s4.48 10 10 10 10-4.48 10-10S17.52 2 12 2zm0 18c-4.42 0-8-3.58-8-8s3.58-8 8-8 8 3.58 8 8-3.58 8-8 8z"
            />
          </svg>
          <svg
            aria-hidden="true"
            class="MuiSvgIcon-root PrivateRadioButtonIcon-layer-6"
            focusable="false"
            role="presentation"
            viewBox="0 0 24 24"
          >
            <path
              d="M8.465 8.465C9.37 7.56 10.62 7 12 7C14.76 7 17 9.24 17 12C17 13.38 16.44 14.63 15.535 15.535C14.63 16.44 13.38 17 12 17C9.24 17 7 14.76 7 12C7 10.62 7.56 9.37 8.465 8.465Z"
            />
          </svg>
        </div>
      </span>
    </span>
  </div>
</body>
`;
