// Jest Snapshot v1, https://goo.gl/fbAQLP

exports[`TabsItem should render TabsItem 1`] = `<div />`;
