// Jest Snapshot v1, https://goo.gl/fbAQLP

exports[`Tooltip should render tooltip 1`] = `
<WithStyles(ForwardRef(Tooltip))
  title={
    <Caption
      foreground="white"
    >
      Tooltip content
    </Caption>
  }
>
  <div />
</WithStyles(ForwardRef(Tooltip))>
`;
