// Jest Snapshot v1, https://goo.gl/fbAQLP

exports[`TransitionCollapse should render TransitionCollapse 1`] = `<WithStyles(ForwardRef(Collapse)) />`;
