// Jest Snapshot v1, https://goo.gl/fbAQLP

exports[`germanStateCodes EN lists should match snapshot 1`] = `
Array [
  "BW",
  "BY",
  "BE",
  "BB",
  "HB",
  "HH",
  "HE",
  "MV",
  "NI",
  "NW",
  "RP",
  "SL",
  "SN",
  "ST",
  "SH",
  "TH",
]
`;
